[2m8:46:22 am[22m [31m[1m[vite][22m[39m [31mInternal server error: Transform failed with 1 error:

[31m[PARSE_ERROR] [0mExpected a semicolon or an implicit semicolon after a statement, but found none
    [38;5;246m╭[0m[38;5;246m─[0m[38;5;246m[[0m src/providers/query.provider.tsx:20:33 [38;5;246m][0m
    [38;5;246m│[0m
 [38;5;246m20 │[0m [38;5;249m [0m[38;5;249m [0m[38;5;249m [0m[38;5;249m [0m[38;5;249m [0m[38;5;249m [0m[38;5;249m [0m[38;5;249m [0m[38;5;249m [0m[38;5;249m [0m[38;5;249m [0m[38;5;249m [0m[38;5;249mr[0m[38;5;249me[0m[38;5;249mf[0m[38;5;249me[0m[38;5;249mt[0m[38;5;249mc[0m[38;5;249mh[0m[38;5;249mO[0m[38;5;249mn[0m[38;5;249mW[0m[38;5;249mi[0m[38;5;249mn[0m[38;5;249md[0m[38;5;249mo[0m[38;5;249mw[0m[38;5;249mF[0m[38;5;249mo[0m[38;5;249mc[0m[38;5;249mu[0m[38;5;249ms[0m[38;5;249m:[0m[38;5;249m [0m[38;5;249mf[0m[38;5;249ma[0m[38;5;249ml[0m[38;5;249ms[0m[38;5;249me[0m[38;5;249m,[0m
 [38;5;240m   │[0m                                 │ 
 [38;5;240m   │[0m                                 ╰─ 
 [38;5;240m   │[0m 
 [38;5;240m   │[0m [38;5;115mHelp[0m: Try inserting a semicolon here
[38;5;246m────╯[0m
[39m
  Plugin: [35mvite:oxc[39m
  File: [36mC:/Users/Asus/OneDrive/Desktop/Haett/frontend/src/providers/query.provider.tsx[39m
      at transformWithOxc (file:///C:/Users/Asus/OneDrive/Desktop/Haett/frontend/node_modules/vite/dist/node/chunks/node.js:3344:19)
      at TransformPluginContext.transform (file:///C:/Users/Asus/OneDrive/Desktop/Haett/frontend/node_modules/vite/dist/node/chunks/node.js:3415:26)
      at EnvironmentPluginContainer.transform (file:///C:/Users/Asus/OneDrive/Desktop/Haett/frontend/node_modules/vite/dist/node/chunks/node.js:30387:51)
      at async loadAndTransform (file:///C:/Users/Asus/OneDrive/Desktop/Haett/frontend/node_modules/vite/dist/node/chunks/node.js:24646:26)
      at async viteTransformMiddleware (file:///C:/Users/Asus/OneDrive/Desktop/Haett/frontend/node_modules/vite/dist/node/chunks/node.js:24440:20)
[2m8:46:22 am[22m [31m[1m[vite][22m[39m [31m[2m(client)[22m[39m Pre-transform error: Transform failed with 1 error:

[31m[PARSE_ERROR] [0mExpected a semicolon or an implicit semicolon after a statement, but found none
    [38;5;246m╭[0m[38;5;246m─[0m[38;5;246m[[0m src/providers/query.provider.tsx:20:33 [38;5;246m][0m
    [38;5;246m│[0m
 [38;5;246m20 │[0m [38;5;249m [0m[38;5;249m [0m[38;5;249m [0m[38;5;249m [0m[38;5;249m [0m[38;5;249m [0m[38;5;249m [0m[38;5;249m [0m[38;5;249m [0m[38;5;249m [0m[38;5;249m [0m[38;5;249m [0m[38;5;249mr[0m[38;5;249me[0m[38;5;249mf[0m[38;5;249me[0m[38;5;249mt[0m[38;5;249mc[0m[38;5;249mh[0m[38;5;249mO[0m[38;5;249mn[0m[38;5;249mW[0m[38;5;249mi[0m[38;5;249mn[0m[38;5;249md[0m[38;5;249mo[0m[38;5;249mw[0m[38;5;249mF[0m[38;5;249mo[0m[38;5;249mc[0m[38;5;249mu[0m[38;5;249ms[0m[38;5;249m:[0m[38;5;249m [0m[38;5;249mf[0m[38;5;249ma[0m[38;5;249ml[0m[38;5;249ms[0m[38;5;249me[0m[38;5;249m,[0m
 [38;5;240m   │[0m                                 │ 
 [38;5;240m   │[0m                                 ╰─ 
 [38;5;240m   │[0m 
 [38;5;240m   │[0m [38;5;115mHelp[0m: Try inserting a semicolon here
[38;5;246m────╯[0m

  Plugin: [35mvite:oxc[39m
  File: [36mC:/Users/Asus/OneDrive/Desktop/Haett/frontend/src/providers/query.provider.tsx[39m
[2m8:46:22 am[22m [31m[1m[vite][22m[39m [31mInternal server error: Transform failed with 1 error:

[31m[PARSE_ERROR] [0mExpected a semicolon or an implicit semicolon after a statement, but found none
    [38;5;246m╭[0m[38;5;246m─[0m[38;5;246m[[0m src/providers/query.provider.tsx:20:33 [38;5;246m][0m
    [38;5;246m│[0m
 [38;5;246m20 │[0m [38;5;249m [0m[38;5;249m [0m[38;5;249m [0m[38;5;249m [0m[38;5;249m [0m[38;5;249m [0m[38;5;249m [0m[38;5;249m [0m[38;5;249m [0m[38;5;249m [0m[38;5;249m [0m[38;5;249m [0m[38;5;249mr[0m[38;5;249me[0m[38;5;249mf[0m[38;5;249me[0m[38;5;249mt[0m[38;5;249mc[0m[38;5;249mh[0m[38;5;249mO[0m[38;5;249mn[0m[38;5;249mW[0m[38;5;249mi[0m[38;5;249mn[0m[38;5;249md[0m[38;5;249mo[0m[38;5;249mw[0m[38;5;249mF[0m[38;5;249mo[0m[38;5;249mc[0m[38;5;249mu[0m[38;5;249ms[0m[38;5;249m:[0m[38;5;249m [0m[38;5;249mf[0m[38;5;249ma[0m[38;5;249ml[0m[38;5;249ms[0m[38;5;249me[0m[38;5;249m,[0m
 [38;5;240m   │[0m                                 │ 
 [38;5;240m   │[0m                                 ╰─ 
 [38;5;240m   │[0m 
 [38;5;240m   │[0m [38;5;115mHelp[0m: Try inserting a semicolon here
[38;5;246m────╯[0m
[39m
  Plugin: [35mvite:oxc[39m
  File: [36mC:/Users/Asus/OneDrive/Desktop/Haett/frontend/src/providers/query.provider.tsx[39m
      at transformWithOxc (file:///C:/Users/Asus/OneDrive/Desktop/Haett/frontend/node_modules/vite/dist/node/chunks/node.js:3344:19)
      at TransformPluginContext.transform (file:///C:/Users/Asus/OneDrive/Desktop/Haett/frontend/node_modules/vite/dist/node/chunks/node.js:3415:26)
      at EnvironmentPluginContainer.transform (file:///C:/Users/Asus/OneDrive/Desktop/Haett/frontend/node_modules/vite/dist/node/chunks/node.js:30387:51)
      at async loadAndTransform (file:///C:/Users/Asus/OneDrive/Desktop/Haett/frontend/node_modules/vite/dist/node/chunks/node.js:24646:26)
      at async viteTransformMiddleware (file:///C:/Users/Asus/OneDrive/Desktop/Haett/frontend/node_modules/vite/dist/node/chunks/node.js:24440:20)
[2m8:46:22 am[22m [31m[1m[vite][22m[39m [31mInternal server error: Transform failed with 1 error:

[31m[PARSE_ERROR] [0mExpected a semicolon or an implicit semicolon after a statement, but found none
    [38;5;246m╭[0m[38;5;246m─[0m[38;5;246m[[0m src/providers/query.provider.tsx:20:33 [38;5;246m][0m
    [38;5;246m│[0m
 [38;5;246m20 │[0m [38;5;249m [0m[38;5;249m [0m[38;5;249m [0m[38;5;249m [0m[38;5;249m [0m[38;5;249m [0m[38;5;249m [0m[38;5;249m [0m[38;5;249m [0m[38;5;249m [0m[38;5;249m [0m[38;5;249m [0m[38;5;249mr[0m[38;5;249me[0m[38;5;249mf[0m[38;5;249me[0m[38;5;249mt[0m[38;5;249mc[0m[38;5;249mh[0m[38;5;249mO[0m[38;5;249mn[0m[38;5;249mW[0m[38;5;249mi[0m[38;5;249mn[0m[38;5;249md[0m[38;5;249mo[0m[38;5;249mw[0m[38;5;249mF[0m[38;5;249mo[0m[38;5;249mc[0m[38;5;249mu[0m[38;5;249ms[0m[38;5;249m:[0m[38;5;249m [0m[38;5;249mf[0m[38;5;249ma[0m[38;5;249ml[0m[38;5;249ms[0m[38;5;249me[0m[38;5;249m,[0m
 [38;5;240m   │[0m                                 │ 
 [38;5;240m   │[0m                                 ╰─ 
 [38;5;240m   │[0m 
 [38;5;240m   │[0m [38;5;115mHelp[0m: Try inserting a semicolon here
[38;5;246m────╯[0m
[39m
  Plugin: [35mvite:oxc[39m
  File: [36mC:/Users/Asus/OneDrive/Desktop/Haett/frontend/src/providers/query.provider.tsx[39m
      at transformWithOxc (file:///C:/Users/Asus/OneDrive/Desktop/Haett/frontend/node_modules/vite/dist/node/chunks/node.js:3344:19)
      at TransformPluginContext.transform (file:///C:/Users/Asus/OneDrive/Desktop/Haett/frontend/node_modules/vite/dist/node/chunks/node.js:3415:26)
      at EnvironmentPluginContainer.transform (file:///C:/Users/Asus/OneDrive/Desktop/Haett/frontend/node_modules/vite/dist/node/chunks/node.js:30387:51)
      at async loadAndTransform (file:///C:/Users/Asus/OneDrive/Desktop/Haett/frontend/node_modules/vite/dist/node/chunks/node.js:24646:26)
      at async viteTransformMiddleware (file:///C:/Users/Asus/OneDrive/Desktop/Haett/frontend/node_modules/vite/dist/node/chunks/node.js:24440:20)
[2m8:46:23 am[22m [31m[1m[vite][22m[39m [31mInternal server error: Transform failed with 1 error:

[31m[PARSE_ERROR] [0mExpected a semicolon or an implicit semicolon after a statement, but found none
    [38;5;246m╭[0m[38;5;246m─[0m[38;5;246m[[0m src/providers/query.provider.tsx:20:33 [38;5;246m][0m
    [38;5;246m│[0m
 [38;5;246m20 │[0m [38;5;249m [0m[38;5;249m [0m[38;5;249m [0m[38;5;249m [0m[38;5;249m [0m[38;5;249m [0m[38;5;249m [0m[38;5;249m [0m[38;5;249m [0m[38;5;249m [0m[38;5;249m [0m[38;5;249m [0m[38;5;249mr[0m[38;5;249me[0m[38;5;249mf[0m[38;5;249me[0m[38;5;249mt[0m[38;5;249mc[0m[38;5;249mh[0m[38;5;249mO[0m[38;5;249mn[0m[38;5;249mW[0m[38;5;249mi[0m[38;5;249mn[0m[38;5;249md[0m[38;5;249mo[0m[38;5;249mw[0m[38;5;249mF[0m[38;5;249mo[0m[38;5;249mc[0m[38;5;249mu[0m[38;5;249ms[0m[38;5;249m:[0m[38;5;249m [0m[38;5;249mf[0m[38;5;249ma[0m[38;5;249ml[0m[38;5;249ms[0m[38;5;249me[0m[38;5;249m,[0m
 [38;5;240m   │[0m                                 │ 
 [38;5;240m   │[0m                                 ╰─ 
 [38;5;240m   │[0m 
 [38;5;240m   │[0m [38;5;115mHelp[0m: Try inserting a semicolon here
[38;5;246m────╯[0m
[39m
  Plugin: [35mvite:oxc[39m
  File: [36mC:/Users/Asus/OneDrive/Desktop/Haett/frontend/src/providers/query.provider.tsx[39m
      at transformWithOxc (file:///C:/Users/Asus/OneDrive/Desktop/Haett/frontend/node_modules/vite/dist/node/chunks/node.js:3344:19)
      at TransformPluginContext.transform (file:///C:/Users/Asus/OneDrive/Desktop/Haett/frontend/node_modules/vite/dist/node/chunks/node.js:3415:26)
      at EnvironmentPluginContainer.transform (file:///C:/Users/Asus/OneDrive/Desktop/Haett/frontend/node_modules/vite/dist/node/chunks/node.js:30387:51)
      at async loadAndTransform (file:///C:/Users/Asus/OneDrive/Desktop/Haett/frontend/node_modules/vite/dist/node/chunks/node.js:24646:26)
      at async viteTransformMiddleware (file:///C:/Users/Asus/OneDrive/Desktop/Haett/frontend/node_modules/vite/dist/node/chunks/node.js:24440:20)
[2m8:46:23 am[22m [31m[1m[vite][22m[39m [31mInternal server error: Transform failed with 1 error:

[31m[PARSE_ERROR] [0mExpected a semicolon or an implicit semicolon after a statement, but found none
    [38;5;246m╭[0m[38;5;246m─[0m[38;5;246m[[0m src/providers/query.provider.tsx:20:33 [38;5;246m][0m
    [38;5;246m│[0m
 [38;5;246m20 │[0m [38;5;249m [0m[38;5;249m [0m[38;5;249m [0m[38;5;249m [0m[38;5;249m [0m[38;5;249m [0m[38;5;249m [0m[38;5;249m [0m[38;5;249m [0m[38;5;249m [0m[38;5;249m [0m[38;5;249m [0m[38;5;249mr[0m[38;5;249me[0m[38;5;249mf[0m[38;5;249me[0m[38;5;249mt[0m[38;5;249mc[0m[38;5;249mh[0m[38;5;249mO[0m[38;5;249mn[0m[38;5;249mW[0m[38;5;249mi[0m[38;5;249mn[0m[38;5;249md[0m[38;5;249mo[0m[38;5;249mw[0m[38;5;249mF[0m[38;5;249mo[0m[38;5;249mc[0m[38;5;249mu[0m[38;5;249ms[0m[38;5;249m:[0m[38;5;249m [0m[38;5;249mf[0m[38;5;249ma[0m[38;5;249ml[0m[38;5;249ms[0m[38;5;249me[0m[38;5;249m,[0m
 [38;5;240m   │[0m                                 │ 
 [38;5;240m   │[0m                                 ╰─ 
 [38;5;240m   │[0m 
 [38;5;240m   │[0m [38;5;115mHelp[0m: Try inserting a semicolon here
[38;5;246m────╯[0m
[39m
  Plugin: [35mvite:oxc[39m
  File: [36mC:/Users/Asus/OneDrive/Desktop/Haett/frontend/src/providers/query.provider.tsx[39m
      at transformWithOxc (file:///C:/Users/Asus/OneDrive/Desktop/Haett/frontend/node_modules/vite/dist/node/chunks/node.js:3344:19)
      at TransformPluginContext.transform (file:///C:/Users/Asus/OneDrive/Desktop/Haett/frontend/node_modules/vite/dist/node/chunks/node.js:3415:26)
      at EnvironmentPluginContainer.transform (file:///C:/Users/Asus/OneDrive/Desktop/Haett/frontend/node_modules/vite/dist/node/chunks/node.js:30387:51)
      at async loadAndTransform (file:///C:/Users/Asus/OneDrive/Desktop/Haett/frontend/node_modules/vite/dist/node/chunks/node.js:24646:26)
      at async viteTransformMiddleware (file:///C:/Users/Asus/OneDrive/Desktop/Haett/frontend/node_modules/vite/dist/node/chunks/node.js:24440:20)
[2m8:46:23 am[22m [31m[1m[vite][22m[39m [31mInternal server error: Transform failed with 1 error:

[31m[PARSE_ERROR] [0mExpected a semicolon or an implicit semicolon after a statement, but found none
    [38;5;246m╭[0m[38;5;246m─[0m[38;5;246m[[0m src/providers/query.provider.tsx:20:33 [38;5;246m][0m
    [38;5;246m│[0m
 [38;5;246m20 │[0m [38;5;249m [0m[38;5;249m [0m[38;5;249m [0m[38;5;249m [0m[38;5;249m [0m[38;5;249m [0m[38;5;249m [0m[38;5;249m [0m[38;5;249m [0m[38;5;249m [0m[38;5;249m [0m[38;5;249m [0m[38;5;249mr[0m[38;5;249me[0m[38;5;249mf[0m[38;5;249me[0m[38;5;249mt[0m[38;5;249mc[0m[38;5;249mh[0m[38;5;249mO[0m[38;5;249mn[0m[38;5;249mW[0m[38;5;249mi[0m[38;5;249mn[0m[38;5;249md[0m[38;5;249mo[0m[38;5;249mw[0m[38;5;249mF[0m[38;5;249mo[0m[38;5;249mc[0m[38;5;249mu[0m[38;5;249ms[0m[38;5;249m:[0m[38;5;249m [0m[38;5;249mf[0m[38;5;249ma[0m[38;5;249ml[0m[38;5;249ms[0m[38;5;249me[0m[38;5;249m,[0m
 [38;5;240m   │[0m                                 │ 
 [38;5;240m   │[0m                                 ╰─ 
 [38;5;240m   │[0m 
 [38;5;240m   │[0m [38;5;115mHelp[0m: Try inserting a semicolon here
[38;5;246m────╯[0m
[39m
  Plugin: [35mvite:oxc[39m
  File: [36mC:/Users/Asus/OneDrive/Desktop/Haett/frontend/src/providers/query.provider.tsx[39m
      at transformWithOxc (file:///C:/Users/Asus/OneDrive/Desktop/Haett/frontend/node_modules/vite/dist/node/chunks/node.js:3344:19)
      at TransformPluginContext.transform (file:///C:/Users/Asus/OneDrive/Desktop/Haett/frontend/node_modules/vite/dist/node/chunks/node.js:3415:26)
      at EnvironmentPluginContainer.transform (file:///C:/Users/Asus/OneDrive/Desktop/Haett/frontend/node_modules/vite/dist/node/chunks/node.js:30387:51)
      at async loadAndTransform (file:///C:/Users/Asus/OneDrive/Desktop/Haett/frontend/node_modules/vite/dist/node/chunks/node.js:24646:26)
      at async viteTransformMiddleware (file:///C:/Users/Asus/OneDrive/Desktop/Haett/frontend/node_modules/vite/dist/node/chunks/node.js:24440:20)
[2m8:46:23 am[22m [31m[1m[vite][22m[39m [31mInternal server error: Transform failed with 1 error:

[31m[PARSE_ERROR] [0mExpected a semicolon or an implicit semicolon after a statement, but found none
    [38;5;246m╭[0m[38;5;246m─[0m[38;5;246m[[0m src/providers/query.provider.tsx:20:33 [38;5;246m][0m
    [38;5;246m│[0m
 [38;5;246m20 │[0m [38;5;249m [0m[38;5;249m [0m[38;5;249m [0m[38;5;249m [0m[38;5;249m [0m[38;5;249m [0m[38;5;249m [0m[38;5;249m [0m[38;5;249m [0m[38;5;249m [0m[38;5;249m [0m[38;5;249m [0m[38;5;249mr[0m[38;5;249me[0m[38;5;249mf[0m[38;5;249me[0m[38;5;249mt[0m[38;5;249mc[0m[38;5;249mh[0m[38;5;249mO[0m[38;5;249mn[0m[38;5;249mW[0m[38;5;249mi[0m[38;5;249mn[0m[38;5;249md[0m[38;5;249mo[0m[38;5;249mw[0m[38;5;249mF[0m[38;5;249mo[0m[38;5;249mc[0m[38;5;249mu[0m[38;5;249ms[0m[38;5;249m:[0m[38;5;249m [0m[38;5;249mf[0m[38;5;249ma[0m[38;5;249ml[0m[38;5;249ms[0m[38;5;249me[0m[38;5;249m,[0m
 [38;5;240m   │[0m                                 │ 
 [38;5;240m   │[0m                                 ╰─ 
 [38;5;240m   │[0m 
 [38;5;240m   │[0m [38;5;115mHelp[0m: Try inserting a semicolon here
[38;5;246m────╯[0m
[39m
  Plugin: [35mvite:oxc[39m
  File: [36mC:/Users/Asus/OneDrive/Desktop/Haett/frontend/src/providers/query.provider.tsx[39m
      at transformWithOxc (file:///C:/Users/Asus/OneDrive/Desktop/Haett/frontend/node_modules/vite/dist/node/chunks/node.js:3344:19)
      at TransformPluginContext.transform (file:///C:/Users/Asus/OneDrive/Desktop/Haett/frontend/node_modules/vite/dist/node/chunks/node.js:3415:26)
      at EnvironmentPluginContainer.transform (file:///C:/Users/Asus/OneDrive/Desktop/Haett/frontend/node_modules/vite/dist/node/chunks/node.js:30387:51)
      at async loadAndTransform (file:///C:/Users/Asus/OneDrive/Desktop/Haett/frontend/node_modules/vite/dist/node/chunks/node.js:24646:26)
      at async viteTransformMiddleware (file:///C:/Users/Asus/OneDrive/Desktop/Haett/frontend/node_modules/vite/dist/node/chunks/node.js:24440:20)
[2m8:46:24 am[22m [31m[1m[vite][22m[39m [31mInternal server error: Transform failed with 1 error:

[31m[PARSE_ERROR] [0mExpected a semicolon or an implicit semicolon after a statement, but found none
    [38;5;246m╭[0m[38;5;246m─[0m[38;5;246m[[0m src/providers/query.provider.tsx:20:33 [38;5;246m][0m
    [38;5;246m│[0m
 [38;5;246m20 │[0m [38;5;249m [0m[38;5;249m [0m[38;5;249m [0m[38;5;249m [0m[38;5;249m [0m[38;5;249m [0m[38;5;249m [0m[38;5;249m [0m[38;5;249m [0m[38;5;249m [0m[38;5;249m [0m[38;5;249m [0m[38;5;249mr[0m[38;5;249me[0m[38;5;249mf[0m[38;5;249me[0m[38;5;249mt[0m[38;5;249mc[0m[38;5;249mh[0m[38;5;249mO[0m[38;5;249mn[0m[38;5;249mW[0m[38;5;249mi[0m[38;5;249mn[0m[38;5;249md[0m[38;5;249mo[0m[38;5;249mw[0m[38;5;249mF[0m[38;5;249mo[0m[38;5;249mc[0m[38;5;249mu[0m[38;5;249ms[0m[38;5;249m:[0m[38;5;249m [0m[38;5;249mf[0m[38;5;249ma[0m[38;5;249ml[0m[38;5;249ms[0m[38;5;249me[0m[38;5;249m,[0m
 [38;5;240m   │[0m                                 │ 
 [38;5;240m   │[0m                                 ╰─ 
 [38;5;240m   │[0m 
 [38;5;240m   │[0m [38;5;115mHelp[0m: Try inserting a semicolon here
[38;5;246m────╯[0m
[39m
  Plugin: [35mvite:oxc[39m
  File: [36mC:/Users/Asus/OneDrive/Desktop/Haett/frontend/src/providers/query.provider.tsx[39m
      at transformWithOxc (file:///C:/Users/Asus/OneDrive/Desktop/Haett/frontend/node_modules/vite/dist/node/chunks/node.js:3344:19)
      at TransformPluginContext.transform (file:///C:/Users/Asus/OneDrive/Desktop/Haett/frontend/node_modules/vite/dist/node/chunks/node.js:3415:26)
      at EnvironmentPluginContainer.transform (file:///C:/Users/Asus/OneDrive/Desktop/Haett/frontend/node_modules/vite/dist/node/chunks/node.js:30387:51)
      at async loadAndTransform (file:///C:/Users/Asus/OneDrive/Desktop/Haett/frontend/node_modules/vite/dist/node/chunks/node.js:24646:26)
      at async viteTransformMiddleware (file:///C:/Users/Asus/OneDrive/Desktop/Haett/frontend/node_modules/vite/dist/node/chunks/node.js:24440:20)
[2m8:46:24 am[22m [31m[1m[vite][22m[39m [31mInternal server error: Transform failed with 1 error:

[31m[PARSE_ERROR] [0mExpected a semicolon or an implicit semicolon after a statement, but found none
    [38;5;246m╭[0m[38;5;246m─[0m[38;5;246m[[0m src/providers/query.provider.tsx:20:33 [38;5;246m][0m
    [38;5;246m│[0m
 [38;5;246m20 │[0m [38;5;249m [0m[38;5;249m [0m[38;5;249m [0m[38;5;249m [0m[38;5;249m [0m[38;5;249m [0m[38;5;249m [0m[38;5;249m [0m[38;5;249m [0m[38;5;249m [0m[38;5;249m [0m[38;5;249m [0m[38;5;249mr[0m[38;5;249me[0m[38;5;249mf[0m[38;5;249me[0m[38;5;249mt[0m[38;5;249mc[0m[38;5;249mh[0m[38;5;249mO[0m[38;5;249mn[0m[38;5;249mW[0m[38;5;249mi[0m[38;5;249mn[0m[38;5;249md[0m[38;5;249mo[0m[38;5;249mw[0m[38;5;249mF[0m[38;5;249mo[0m[38;5;249mc[0m[38;5;249mu[0m[38;5;249ms[0m[38;5;249m:[0m[38;5;249m [0m[38;5;249mf[0m[38;5;249ma[0m[38;5;249ml[0m[38;5;249ms[0m[38;5;249me[0m[38;5;249m,[0m
 [38;5;240m   │[0m                                 │ 
 [38;5;240m   │[0m                                 ╰─ 
 [38;5;240m   │[0m 
 [38;5;240m   │[0m [38;5;115mHelp[0m: Try inserting a semicolon here
[38;5;246m────╯[0m
[39m
  Plugin: [35mvite:oxc[39m
  File: [36mC:/Users/Asus/OneDrive/Desktop/Haett/frontend/src/providers/query.provider.tsx[39m
      at transformWithOxc (file:///C:/Users/Asus/OneDrive/Desktop/Haett/frontend/node_modules/vite/dist/node/chunks/node.js:3344:19)
      at TransformPluginContext.transform (file:///C:/Users/Asus/OneDrive/Desktop/Haett/frontend/node_modules/vite/dist/node/chunks/node.js:3415:26)
      at EnvironmentPluginContainer.transform (file:///C:/Users/Asus/OneDrive/Desktop/Haett/frontend/node_modules/vite/dist/node/chunks/node.js:30387:51)
      at async loadAndTransform (file:///C:/Users/Asus/OneDrive/Desktop/Haett/frontend/node_modules/vite/dist/node/chunks/node.js:24646:26)
      at async viteTransformMiddleware (file:///C:/Users/Asus/OneDrive/Desktop/Haett/frontend/node_modules/vite/dist/node/chunks/node.js:24440:20)
[2m8:46:24 am[22m [31m[1m[vite][22m[39m [31mInternal server error: Transform failed with 1 error:

[31m[PARSE_ERROR] [0mExpected a semicolon or an implicit semicolon after a statement, but found none
    [38;5;246m╭[0m[38;5;246m─[0m[38;5;246m[[0m src/providers/query.provider.tsx:20:33 [38;5;246m][0m
    [38;5;246m│[0m
 [38;5;246m20 │[0m [38;5;249m [0m[38;5;249m [0m[38;5;249m [0m[38;5;249m [0m[38;5;249m [0m[38;5;249m [0m[38;5;249m [0m[38;5;249m [0m[38;5;249m [0m[38;5;249m [0m[38;5;249m [0m[38;5;249m [0m[38;5;249mr[0m[38;5;249me[0m[38;5;249mf[0m[38;5;249me[0m[38;5;249mt[0m[38;5;249mc[0m[38;5;249mh[0m[38;5;249mO[0m[38;5;249mn[0m[38;5;249mW[0m[38;5;249mi[0m[38;5;249mn[0m[38;5;249md[0m[38;5;249mo[0m[38;5;249mw[0m[38;5;249mF[0m[38;5;249mo[0m[38;5;249mc[0m[38;5;249mu[0m[38;5;249ms[0m[38;5;249m:[0m[38;5;249m [0m[38;5;249mf[0m[38;5;249ma[0m[38;5;249ml[0m[38;5;249ms[0m[38;5;249me[0m[38;5;249m,[0m
 [38;5;240m   │[0m                                 │ 
 [38;5;240m   │[0m                                 ╰─ 
 [38;5;240m   │[0m 
 [38;5;240m   │[0m [38;5;115mHelp[0m: Try inserting a semicolon here
[38;5;246m────╯[0m
[39m
  Plugin: [35mvite:oxc[39m
  File: [36mC:/Users/Asus/OneDrive/Desktop/Haett/frontend/src/providers/query.provider.tsx[39m
      at transformWithOxc (file:///C:/Users/Asus/OneDrive/Desktop/Haett/frontend/node_modules/vite/dist/node/chunks/node.js:3344:19)
      at TransformPluginContext.transform (file:///C:/Users/Asus/OneDrive/Desktop/Haett/frontend/node_modules/vite/dist/node/chunks/node.js:3415:26)
      at EnvironmentPluginContainer.transform (file:///C:/Users/Asus/OneDrive/Desktop/Haett/frontend/node_modules/vite/dist/node/chunks/node.js:30387:51)
      at async loadAndTransform (file:///C:/Users/Asus/OneDrive/Desktop/Haett/frontend/node_modules/vite/dist/node/chunks/node.js:24646:26)
      at async viteTransformMiddleware (file:///C:/Users/Asus/OneDrive/Desktop/Haett/frontend/node_modules/vite/dist/node/chunks/node.js:24440:20)
[2m8:46:25 am[22m [31m[1m[vite][22m[39m [31mInternal server error: Transform failed with 1 error:

[31m[PARSE_ERROR] [0mExpected a semicolon or an implicit semicolon after a statement, but found none
    [38;5;246m╭[0m[38;5;246m─[0m[38;5;246m[[0m src/providers/query.provider.tsx:20:33 [38;5;246m][0m
    [38;5;246m│[0m
 [38;5;246m20 │[0m [38;5;249m [0m[38;5;249m [0m[38;5;249m [0m[38;5;249m [0m[38;5;249m [0m[38;5;249m [0m[38;5;249m [0m[38;5;249m [0m[38;5;249m [0m[38;5;249m [0m[38;5;249m [0m[38;5;249m [0m[38;5;249mr[0m[38;5;249me[0m[38;5;249mf[0m[38;5;249me[0m[38;5;249mt[0m[38;5;249mc[0m[38;5;249mh[0m[38;5;249mO[0m[38;5;249mn[0m[38;5;249mW[0m[38;5;249mi[0m[38;5;249mn[0m[38;5;249md[0m[38;5;249mo[0m[38;5;249mw[0m[38;5;249mF[0m[38;5;249mo[0m[38;5;249mc[0m[38;5;249mu[0m[38;5;249ms[0m[38;5;249m:[0m[38;5;249m [0m[38;5;249mf[0m[38;5;249ma[0m[38;5;249ml[0m[38;5;249ms[0m[38;5;249me[0m[38;5;249m,[0m
 [38;5;240m   │[0m                                 │ 
 [38;5;240m   │[0m                                 ╰─ 
 [38;5;240m   │[0m 
 [38;5;240m   │[0m [38;5;115mHelp[0m: Try inserting a semicolon here
[38;5;246m────╯[0m
[39m
  Plugin: [35mvite:oxc[39m
  File: [36mC:/Users/Asus/OneDrive/Desktop/Haett/frontend/src/providers/query.provider.tsx[39m
      at transformWithOxc (file:///C:/Users/Asus/OneDrive/Desktop/Haett/frontend/node_modules/vite/dist/node/chunks/node.js:3344:19)
      at TransformPluginContext.transform (file:///C:/Users/Asus/OneDrive/Desktop/Haett/frontend/node_modules/vite/dist/node/chunks/node.js:3415:26)
      at EnvironmentPluginContainer.transform (file:///C:/Users/Asus/OneDrive/Desktop/Haett/frontend/node_modules/vite/dist/node/chunks/node.js:30387:51)
      at async loadAndTransform (file:///C:/Users/Asus/OneDrive/Desktop/Haett/frontend/node_modules/vite/dist/node/chunks/node.js:24646:26)
      at async viteTransformMiddleware (file:///C:/Users/Asus/OneDrive/Desktop/Haett/frontend/node_modules/vite/dist/node/chunks/node.js:24440:20)
[2m8:46:25 am[22m [31m[1m[vite][22m[39m [31mInternal server error: Transform failed with 1 error:

[31m[PARSE_ERROR] [0mExpected a semicolon or an implicit semicolon after a statement, but found none
    [38;5;246m╭[0m[38;5;246m─[0m[38;5;246m[[0m src/providers/query.provider.tsx:20:33 [38;5;246m][0m
    [38;5;246m│[0m
 [38;5;246m20 │[0m [38;5;249m [0m[38;5;249m [0m[38;5;249m [0m[38;5;249m [0m[38;5;249m [0m[38;5;249m [0m[38;5;249m [0m[38;5;249m [0m[38;5;249m [0m[38;5;249m [0m[38;5;249m [0m[38;5;249m [0m[38;5;249mr[0m[38;5;249me[0m[38;5;249mf[0m[38;5;249me[0m[38;5;249mt[0m[38;5;249mc[0m[38;5;249mh[0m[38;5;249mO[0m[38;5;249mn[0m[38;5;249mW[0m[38;5;249mi[0m[38;5;249mn[0m[38;5;249md[0m[38;5;249mo[0m[38;5;249mw[0m[38;5;249mF[0m[38;5;249mo[0m[38;5;249mc[0m[38;5;249mu[0m[38;5;249ms[0m[38;5;249m:[0m[38;5;249m [0m[38;5;249mf[0m[38;5;249ma[0m[38;5;249ml[0m[38;5;249ms[0m[38;5;249me[0m[38;5;249m,[0m
 [38;5;240m   │[0m                                 │ 
 [38;5;240m   │[0m                                 ╰─ 
 [38;5;240m   │[0m 
 [38;5;240m   │[0m [38;5;115mHelp[0m: Try inserting a semicolon here
[38;5;246m────╯[0m
[39m
  Plugin: [35mvite:oxc[39m
  File: [36mC:/Users/Asus/OneDrive/Desktop/Haett/frontend/src/providers/query.provider.tsx[39m
      at transformWithOxc (file:///C:/Users/Asus/OneDrive/Desktop/Haett/frontend/node_modules/vite/dist/node/chunks/node.js:3344:19)
      at TransformPluginContext.transform (file:///C:/Users/Asus/OneDrive/Desktop/Haett/frontend/node_modules/vite/dist/node/chunks/node.js:3415:26)
      at EnvironmentPluginContainer.transform (file:///C:/Users/Asus/OneDrive/Desktop/Haett/frontend/node_modules/vite/dist/node/chunks/node.js:30387:51)
      at async loadAndTransform (file:///C:/Users/Asus/OneDrive/Desktop/Haett/frontend/node_modules/vite/dist/node/chunks/node.js:24646:26)
      at async viteTransformMiddleware (file:///C:/Users/Asus/OneDrive/Desktop/Haett/frontend/node_modules/vite/dist/node/chunks/node.js:24440:20)
[2m8:46:25 am[22m [31m[1m[vite][22m[39m [31mInternal server error: Transform failed with 1 error:

[31m[PARSE_ERROR] [0mExpected a semicolon or an implicit semicolon after a statement, but found none
    [38;5;246m╭[0m[38;5;246m─[0m[38;5;246m[[0m src/providers/query.provider.tsx:20:33 [38;5;246m][0m
    [38;5;246m│[0m
 [38;5;246m20 │[0m [38;5;249m [0m[38;5;249m [0m[38;5;249m [0m[38;5;249m [0m[38;5;249m [0m[38;5;249m [0m[38;5;249m [0m[38;5;249m [0m[38;5;249m [0m[38;5;249m [0m[38;5;249m [0m[38;5;249m [0m[38;5;249mr[0m[38;5;249me[0m[38;5;249mf[0m[38;5;249me[0m[38;5;249mt[0m[38;5;249mc[0m[38;5;249mh[0m[38;5;249mO[0m[38;5;249mn[0m[38;5;249mW[0m[38;5;249mi[0m[38;5;249mn[0m[38;5;249md[0m[38;5;249mo[0m[38;5;249mw[0m[38;5;249mF[0m[38;5;249mo[0m[38;5;249mc[0m[38;5;249mu[0m[38;5;249ms[0m[38;5;249m:[0m[38;5;249m [0m[38;5;249mf[0m[38;5;249ma[0m[38;5;249ml[0m[38;5;249ms[0m[38;5;249me[0m[38;5;249m,[0m
 [38;5;240m   │[0m                                 │ 
 [38;5;240m   │[0m                                 ╰─ 
 [38;5;240m   │[0m 
 [38;5;240m   │[0m [38;5;115mHelp[0m: Try inserting a semicolon here
[38;5;246m────╯[0m
[39m
  Plugin: [35mvite:oxc[39m
  File: [36mC:/Users/Asus/OneDrive/Desktop/Haett/frontend/src/providers/query.provider.tsx[39m
      at transformWithOxc (file:///C:/Users/Asus/OneDrive/Desktop/Haett/frontend/node_modules/vite/dist/node/chunks/node.js:3344:19)
      at TransformPluginContext.transform (file:///C:/Users/Asus/OneDrive/Desktop/Haett/frontend/node_modules/vite/dist/node/chunks/node.js:3415:26)
      at EnvironmentPluginContainer.transform (file:///C:/Users/Asus/OneDrive/Desktop/Haett/frontend/node_modules/vite/dist/node/chunks/node.js:30387:51)
      at async loadAndTransform (file:///C:/Users/Asus/OneDrive/Desktop/Haett/frontend/node_modules/vite/dist/node/chunks/node.js:24646:26)
      at async viteTransformMiddleware (file:///C:/Users/Asus/OneDrive/Desktop/Haett/frontend/node_modules/vite/dist/node/chunks/node.js:24440:20)
[2m8:46:26 am[22m [31m[1m[vite][22m[39m [31mInternal server error: Transform failed with 1 error:

[31m[PARSE_ERROR] [0mExpected a semicolon or an implicit semicolon after a statement, but found none
    [38;5;246m╭[0m[38;5;246m─[0m[38;5;246m[[0m src/providers/query.provider.tsx:20:33 [38;5;246m][0m
    [38;5;246m│[0m
 [38;5;246m20 │[0m [38;5;249m [0m[38;5;249m [0m[38;5;249m [0m[38;5;249m [0m[38;5;249m [0m[38;5;249m [0m[38;5;249m [0m[38;5;249m [0m[38;5;249m [0m[38;5;249m [0m[38;5;249m [0m[38;5;249m [0m[38;5;249mr[0m[38;5;249me[0m[38;5;249mf[0m[38;5;249me[0m[38;5;249mt[0m[38;5;249mc[0m[38;5;249mh[0m[38;5;249mO[0m[38;5;249mn[0m[38;5;249mW[0m[38;5;249mi[0m[38;5;249mn[0m[38;5;249md[0m[38;5;249mo[0m[38;5;249mw[0m[38;5;249mF[0m[38;5;249mo[0m[38;5;249mc[0m[38;5;249mu[0m[38;5;249ms[0m[38;5;249m:[0m[38;5;249m [0m[38;5;249mf[0m[38;5;249ma[0m[38;5;249ml[0m[38;5;249ms[0m[38;5;249me[0m[38;5;249m,[0m
 [38;5;240m   │[0m                                 │ 
 [38;5;240m   │[0m                                 ╰─ 
 [38;5;240m   │[0m 
 [38;5;240m   │[0m [38;5;115mHelp[0m: Try inserting a semicolon here
[38;5;246m────╯[0m
[39m
  Plugin: [35mvite:oxc[39m
  File: [36mC:/Users/Asus/OneDrive/Desktop/Haett/frontend/src/providers/query.provider.tsx[39m
      at transformWithOxc (file:///C:/Users/Asus/OneDrive/Desktop/Haett/frontend/node_modules/vite/dist/node/chunks/node.js:3344:19)
      at TransformPluginContext.transform (file:///C:/Users/Asus/OneDrive/Desktop/Haett/frontend/node_modules/vite/dist/node/chunks/node.js:3415:26)
      at EnvironmentPluginContainer.transform (file:///C:/Users/Asus/OneDrive/Desktop/Haett/frontend/node_modules/vite/dist/node/chunks/node.js:30387:51)
      at async loadAndTransform (file:///C:/Users/Asus/OneDrive/Desktop/Haett/frontend/node_modules/vite/dist/node/chunks/node.js:24646:26)
      at async viteTransformMiddleware (file:///C:/Users/Asus/OneDrive/Desktop/Haett/frontend/node_modules/vite/dist/node/chunks/node.js:24440:20)
[2m8:46:26 am[22m [31m[1m[vite][22m[39m [31mInternal server error: Transform failed with 1 error:

[31m[PARSE_ERROR] [0mExpected a semicolon or an implicit semicolon after a statement, but found none
    [38;5;246m╭[0m[38;5;246m─[0m[38;5;246m[[0m src/providers/query.provider.tsx:20:33 [38;5;246m][0m
    [38;5;246m│[0m
 [38;5;246m20 │[0m [38;5;249m [0m[38;5;249m [0m[38;5;249m [0m[38;5;249m [0m[38;5;249m [0m[38;5;249m [0m[38;5;249m [0m[38;5;249m [0m[38;5;249m [0m[38;5;249m [0m[38;5;249m [0m[38;5;249m [0m[38;5;249mr[0m[38;5;249me[0m[38;5;249mf[0m[38;5;249me[0m[38;5;249mt[0m[38;5;249mc[0m[38;5;249mh[0m[38;5;249mO[0m[38;5;249mn[0m[38;5;249mW[0m[38;5;249mi[0m[38;5;249mn[0m[38;5;249md[0m[38;5;249mo[0m[38;5;249mw[0m[38;5;249mF[0m[38;5;249mo[0m[38;5;249mc[0m[38;5;249mu[0m[38;5;249ms[0m[38;5;249m:[0m[38;5;249m [0m[38;5;249mf[0m[38;5;249ma[0m[38;5;249ml[0m[38;5;249ms[0m[38;5;249me[0m[38;5;249m,[0m
 [38;5;240m   │[0m                                 │ 
 [38;5;240m   │[0m                                 ╰─ 
 [38;5;240m   │[0m 
 [38;5;240m   │[0m [38;5;115mHelp[0m: Try inserting a semicolon here
[38;5;246m────╯[0m
[39m
  Plugin: [35mvite:oxc[39m
  File: [36mC:/Users/Asus/OneDrive/Desktop/Haett/frontend/src/providers/query.provider.tsx[39m
      at transformWithOxc (file:///C:/Users/Asus/OneDrive/Desktop/Haett/frontend/node_modules/vite/dist/node/chunks/node.js:3344:19)
      at TransformPluginContext.transform (file:///C:/Users/Asus/OneDrive/Desktop/Haett/frontend/node_modules/vite/dist/node/chunks/node.js:3415:26)
      at EnvironmentPluginContainer.transform (file:///C:/Users/Asus/OneDrive/Desktop/Haett/frontend/node_modules/vite/dist/node/chunks/node.js:30387:51)
      at async loadAndTransform (file:///C:/Users/Asus/OneDrive/Desktop/Haett/frontend/node_modules/vite/dist/node/chunks/node.js:24646:26)
      at async viteTransformMiddleware (file:///C:/Users/Asus/OneDrive/Desktop/Haett/frontend/node_modules/vite/dist/node/chunks/node.js:24440:20)
[2m8:46:26 am[22m [31m[1m[vite][22m[39m [31mInternal server error: Transform failed with 1 error:

[31m[PARSE_ERROR] [0mExpected a semicolon or an implicit semicolon after a statement, but found none
    [38;5;246m╭[0m[38;5;246m─[0m[38;5;246m[[0m src/providers/query.provider.tsx:20:33 [38;5;246m][0m
    [38;5;246m│[0m
 [38;5;246m20 │[0m [38;5;249m [0m[38;5;249m [0m[38;5;249m [0m[38;5;249m [0m[38;5;249m [0m[38;5;249m [0m[38;5;249m [0m[38;5;249m [0m[38;5;249m [0m[38;5;249m [0m[38;5;249m [0m[38;5;249m [0m[38;5;249mr[0m[38;5;249me[0m[38;5;249mf[0m[38;5;249me[0m[38;5;249mt[0m[38;5;249mc[0m[38;5;249mh[0m[38;5;249mO[0m[38;5;249mn[0m[38;5;249mW[0m[38;5;249mi[0m[38;5;249mn[0m[38;5;249md[0m[38;5;249mo[0m[38;5;249mw[0m[38;5;249mF[0m[38;5;249mo[0m[38;5;249mc[0m[38;5;249mu[0m[38;5;249ms[0m[38;5;249m:[0m[38;5;249m [0m[38;5;249mf[0m[38;5;249ma[0m[38;5;249ml[0m[38;5;249ms[0m[38;5;249me[0m[38;5;249m,[0m
 [38;5;240m   │[0m                                 │ 
 [38;5;240m   │[0m                                 ╰─ 
 [38;5;240m   │[0m 
 [38;5;240m   │[0m [38;5;115mHelp[0m: Try inserting a semicolon here
[38;5;246m────╯[0m
[39m
  Plugin: [35mvite:oxc[39m
  File: [36mC:/Users/Asus/OneDrive/Desktop/Haett/frontend/src/providers/query.provider.tsx[39m
      at transformWithOxc (file:///C:/Users/Asus/OneDrive/Desktop/Haett/frontend/node_modules/vite/dist/node/chunks/node.js:3344:19)
      at TransformPluginContext.transform (file:///C:/Users/Asus/OneDrive/Desktop/Haett/frontend/node_modules/vite/dist/node/chunks/node.js:3415:26)
      at EnvironmentPluginContainer.transform (file:///C:/Users/Asus/OneDrive/Desktop/Haett/frontend/node_modules/vite/dist/node/chunks/node.js:30387:51)
      at async loadAndTransform (file:///C:/Users/Asus/OneDrive/Desktop/Haett/frontend/node_modules/vite/dist/node/chunks/node.js:24646:26)
      at async viteTransformMiddleware (file:///C:/Users/Asus/OneDrive/Desktop/Haett/frontend/node_modules/vite/dist/node/chunks/node.js:24440:20)
[2m8:46:27 am[22m [31m[1m[vite][22m[39m [31mInternal server error: Transform failed with 1 error:

[31m[PARSE_ERROR] [0mExpected a semicolon or an implicit semicolon after a statement, but found none
    [38;5;246m╭[0m[38;5;246m─[0m[38;5;246m[[0m src/providers/query.provider.tsx:20:33 [38;5;246m][0m
    [38;5;246m│[0m
 [38;5;246m20 │[0m [38;5;249m [0m[38;5;249m [0m[38;5;249m [0m[38;5;249m [0m[38;5;249m [0m[38;5;249m [0m[38;5;249m [0m[38;5;249m [0m[38;5;249m [0m[38;5;249m [0m[38;5;249m [0m[38;5;249m [0m[38;5;249mr[0m[38;5;249me[0m[38;5;249mf[0m[38;5;249me[0m[38;5;249mt[0m[38;5;249mc[0m[38;5;249mh[0m[38;5;249mO[0m[38;5;249mn[0m[38;5;249mW[0m[38;5;249mi[0m[38;5;249mn[0m[38;5;249md[0m[38;5;249mo[0m[38;5;249mw[0m[38;5;249mF[0m[38;5;249mo[0m[38;5;249mc[0m[38;5;249mu[0m[38;5;249ms[0m[38;5;249m:[0m[38;5;249m [0m[38;5;249mf[0m[38;5;249ma[0m[38;5;249ml[0m[38;5;249ms[0m[38;5;249me[0m[38;5;249m,[0m
 [38;5;240m   │[0m                                 │ 
 [38;5;240m   │[0m                                 ╰─ 
 [38;5;240m   │[0m 
 [38;5;240m   │[0m [38;5;115mHelp[0m: Try inserting a semicolon here
[38;5;246m────╯[0m
[39m
  Plugin: [35mvite:oxc[39m
  File: [36mC:/Users/Asus/OneDrive/Desktop/Haett/frontend/src/providers/query.provider.tsx[39m
      at transformWithOxc (file:///C:/Users/Asus/OneDrive/Desktop/Haett/frontend/node_modules/vite/dist/node/chunks/node.js:3344:19)
      at TransformPluginContext.transform (file:///C:/Users/Asus/OneDrive/Desktop/Haett/frontend/node_modules/vite/dist/node/chunks/node.js:3415:26)
      at EnvironmentPluginContainer.transform (file:///C:/Users/Asus/OneDrive/Desktop/Haett/frontend/node_modules/vite/dist/node/chunks/node.js:30387:51)
      at async loadAndTransform (file:///C:/Users/Asus/OneDrive/Desktop/Haett/frontend/node_modules/vite/dist/node/chunks/node.js:24646:26)
      at async viteTransformMiddleware (file:///C:/Users/Asus/OneDrive/Desktop/Haett/frontend/node_modules/vite/dist/node/chunks/node.js:24440:20)
[2m8:46:27 am[22m [31m[1m[vite][22m[39m [31mInternal server error: Transform failed with 1 error:

[31m[PARSE_ERROR] [0mExpected a semicolon or an implicit semicolon after a statement, but found none
    [38;5;246m╭[0m[38;5;246m─[0m[38;5;246m[[0m src/providers/query.provider.tsx:20:33 [38;5;246m][0m
    [38;5;246m│[0m
 [38;5;246m20 │[0m [38;5;249m [0m[38;5;249m [0m[38;5;249m [0m[38;5;249m [0m[38;5;249m [0m[38;5;249m [0m[38;5;249m [0m[38;5;249m [0m[38;5;249m [0m[38;5;249m [0m[38;5;249m [0m[38;5;249m [0m[38;5;249mr[0m[38;5;249me[0m[38;5;249mf[0m[38;5;249me[0m[38;5;249mt[0m[38;5;249mc[0m[38;5;249mh[0m[38;5;249mO[0m[38;5;249mn[0m[38;5;249mW[0m[38;5;249mi[0m[38;5;249mn[0m[38;5;249md[0m[38;5;249mo[0m[38;5;249mw[0m[38;5;249mF[0m[38;5;249mo[0m[38;5;249mc[0m[38;5;249mu[0m[38;5;249ms[0m[38;5;249m:[0m[38;5;249m [0m[38;5;249mf[0m[38;5;249ma[0m[38;5;249ml[0m[38;5;249ms[0m[38;5;249me[0m[38;5;249m,[0m
 [38;5;240m   │[0m                                 │ 
 [38;5;240m   │[0m                                 ╰─ 
 [38;5;240m   │[0m 
 [38;5;240m   │[0m [38;5;115mHelp[0m: Try inserting a semicolon here
[38;5;246m────╯[0m
[39m
  Plugin: [35mvite:oxc[39m
  File: [36mC:/Users/Asus/OneDrive/Desktop/Haett/frontend/src/providers/query.provider.tsx[39m
      at transformWithOxc (file:///C:/Users/Asus/OneDrive/Desktop/Haett/frontend/node_modules/vite/dist/node/chunks/node.js:3344:19)
      at TransformPluginContext.transform (file:///C:/Users/Asus/OneDrive/Desktop/Haett/frontend/node_modules/vite/dist/node/chunks/node.js:3415:26)
      at EnvironmentPluginContainer.transform (file:///C:/Users/Asus/OneDrive/Desktop/Haett/frontend/node_modules/vite/dist/node/chunks/node.js:30387:51)
      at async loadAndTransform (file:///C:/Users/Asus/OneDrive/Desktop/Haett/frontend/node_modules/vite/dist/node/chunks/node.js:24646:26)
      at async viteTransformMiddleware (file:///C:/Users/Asus/OneDrive/Desktop/Haett/frontend/node_modules/vite/dist/node/chunks/node.js:24440:20)
[2m8:46:27 am[22m [31m[1m[vite][22m[39m [31mInternal server error: Transform failed with 1 error:

[31m[PARSE_ERROR] [0mExpected a semicolon or an implicit semicolon after a statement, but found none
    [38;5;246m╭[0m[38;5;246m─[0m[38;5;246m[[0m src/providers/query.provider.tsx:20:33 [38;5;246m][0m
    [38;5;246m│[0m
 [38;5;246m20 │[0m [38;5;249m [0m[38;5;249m [0m[38;5;249m [0m[38;5;249m [0m[38;5;249m [0m[38;5;249m [0m[38;5;249m [0m[38;5;249m [0m[38;5;249m [0m[38;5;249m [0m[38;5;249m [0m[38;5;249m [0m[38;5;249mr[0m[38;5;249me[0m[38;5;249mf[0m[38;5;249me[0m[38;5;249mt[0m[38;5;249mc[0m[38;5;249mh[0m[38;5;249mO[0m[38;5;249mn[0m[38;5;249mW[0m[38;5;249mi[0m[38;5;249mn[0m[38;5;249md[0m[38;5;249mo[0m[38;5;249mw[0m[38;5;249mF[0m[38;5;249mo[0m[38;5;249mc[0m[38;5;249mu[0m[38;5;249ms[0m[38;5;249m:[0m[38;5;249m [0m[38;5;249mf[0m[38;5;249ma[0m[38;5;249ml[0m[38;5;249ms[0m[38;5;249me[0m[38;5;249m,[0m
 [38;5;240m   │[0m                                 │ 
 [38;5;240m   │[0m                                 ╰─ 
 [38;5;240m   │[0m 
 [38;5;240m   │[0m [38;5;115mHelp[0m: Try inserting a semicolon here
[38;5;246m────╯[0m
[39m
  Plugin: [35mvite:oxc[39m
  File: [36mC:/Users/Asus/OneDrive/Desktop/Haett/frontend/src/providers/query.provider.tsx[39m
      at transformWithOxc (file:///C:/Users/Asus/OneDrive/Desktop/Haett/frontend/node_modules/vite/dist/node/chunks/node.js:3344:19)
      at TransformPluginContext.transform (file:///C:/Users/Asus/OneDrive/Desktop/Haett/frontend/node_modules/vite/dist/node/chunks/node.js:3415:26)
      at EnvironmentPluginContainer.transform (file:///C:/Users/Asus/OneDrive/Desktop/Haett/frontend/node_modules/vite/dist/node/chunks/node.js:30387:51)
      at async loadAndTransform (file:///C:/Users/Asus/OneDrive/Desktop/Haett/frontend/node_modules/vite/dist/node/chunks/node.js:24646:26)
      at async viteTransformMiddleware (file:///C:/Users/Asus/OneDrive/Desktop/Haett/frontend/node_modules/vite/dist/node/chunks/node.js:24440:20)
[2m8:46:27 am[22m [31m[1m[vite][22m[39m [31mInternal server error: Transform failed with 1 error:

[31m[PARSE_ERROR] [0mExpected a semicolon or an implicit semicolon after a statement, but found none
    [38;5;246m╭[0m[38;5;246m─[0m[38;5;246m[[0m src/providers/query.provider.tsx:20:33 [38;5;246m][0m
    [38;5;246m│[0m
 [38;5;246m20 │[0m [38;5;249m [0m[38;5;249m [0m[38;5;249m [0m[38;5;249m [0m[38;5;249m [0m[38;5;249m [0m[38;5;249m [0m[38;5;249m [0m[38;5;249m [0m[38;5;249m [0m[38;5;249m [0m[38;5;249m [0m[38;5;249mr[0m[38;5;249me[0m[38;5;249mf[0m[38;5;249me[0m[38;5;249mt[0m[38;5;249mc[0m[38;5;249mh[0m[38;5;249mO[0m[38;5;249mn[0m[38;5;249mW[0m[38;5;249mi[0m[38;5;249mn[0m[38;5;249md[0m[38;5;249mo[0m[38;5;249mw[0m[38;5;249mF[0m[38;5;249mo[0m[38;5;249mc[0m[38;5;249mu[0m[38;5;249ms[0m[38;5;249m:[0m[38;5;249m [0m[38;5;249mf[0m[38;5;249ma[0m[38;5;249ml[0m[38;5;249ms[0m[38;5;249me[0m[38;5;249m,[0m
 [38;5;240m   │[0m                                 │ 
 [38;5;240m   │[0m                                 ╰─ 
 [38;5;240m   │[0m 
 [38;5;240m   │[0m [38;5;115mHelp[0m: Try inserting a semicolon here
[38;5;246m────╯[0m
[39m
  Plugin: [35mvite:oxc[39m
  File: [36mC:/Users/Asus/OneDrive/Desktop/Haett/frontend/src/providers/query.provider.tsx[39m
      at transformWithOxc (file:///C:/Users/Asus/OneDrive/Desktop/Haett/frontend/node_modules/vite/dist/node/chunks/node.js:3344:19)
      at TransformPluginContext.transform (file:///C:/Users/Asus/OneDrive/Desktop/Haett/frontend/node_modules/vite/dist/node/chunks/node.js:3415:26)
      at EnvironmentPluginContainer.transform (file:///C:/Users/Asus/OneDrive/Desktop/Haett/frontend/node_modules/vite/dist/node/chunks/node.js:30387:51)
      at async loadAndTransform (file:///C:/Users/Asus/OneDrive/Desktop/Haett/frontend/node_modules/vite/dist/node/chunks/node.js:24646:26)
      at async viteTransformMiddleware (file:///C:/Users/Asus/OneDrive/Desktop/Haett/frontend/node_modules/vite/dist/node/chunks/node.js:24440:20)
[2m8:46:28 am[22m [31m[1m[vite][22m[39m [31mInternal server error: Transform failed with 1 error:

[31m[PARSE_ERROR] [0mExpected a semicolon or an implicit semicolon after a statement, but found none
    [38;5;246m╭[0m[38;5;246m─[0m[38;5;246m[[0m src/providers/query.provider.tsx:20:33 [38;5;246m][0m
    [38;5;246m│[0m
 [38;5;246m20 │[0m [38;5;249m [0m[38;5;249m [0m[38;5;249m [0m[38;5;249m [0m[38;5;249m [0m[38;5;249m [0m[38;5;249m [0m[38;5;249m [0m[38;5;249m [0m[38;5;249m [0m[38;5;249m [0m[38;5;249m [0m[38;5;249mr[0m[38;5;249me[0m[38;5;249mf[0m[38;5;249me[0m[38;5;249mt[0m[38;5;249mc[0m[38;5;249mh[0m[38;5;249mO[0m[38;5;249mn[0m[38;5;249mW[0m[38;5;249mi[0m[38;5;249mn[0m[38;5;249md[0m[38;5;249mo[0m[38;5;249mw[0m[38;5;249mF[0m[38;5;249mo[0m[38;5;249mc[0m[38;5;249mu[0m[38;5;249ms[0m[38;5;249m:[0m[38;5;249m [0m[38;5;249mf[0m[38;5;249ma[0m[38;5;249ml[0m[38;5;249ms[0m[38;5;249me[0m[38;5;249m,[0m
 [38;5;240m   │[0m                                 │ 
 [38;5;240m   │[0m                                 ╰─ 
 [38;5;240m   │[0m 
 [38;5;240m   │[0m [38;5;115mHelp[0m: Try inserting a semicolon here
[38;5;246m────╯[0m
[39m
  Plugin: [35mvite:oxc[39m
  File: [36mC:/Users/Asus/OneDrive/Desktop/Haett/frontend/src/providers/query.provider.tsx[39m
      at transformWithOxc (file:///C:/Users/Asus/OneDrive/Desktop/Haett/frontend/node_modules/vite/dist/node/chunks/node.js:3344:19)
      at TransformPluginContext.transform (file:///C:/Users/Asus/OneDrive/Desktop/Haett/frontend/node_modules/vite/dist/node/chunks/node.js:3415:26)
      at EnvironmentPluginContainer.transform (file:///C:/Users/Asus/OneDrive/Desktop/Haett/frontend/node_modules/vite/dist/node/chunks/node.js:30387:51)
      at async loadAndTransform (file:///C:/Users/Asus/OneDrive/Desktop/Haett/frontend/node_modules/vite/dist/node/chunks/node.js:24646:26)
      at async viteTransformMiddleware (file:///C:/Users/Asus/OneDrive/Desktop/Haett/frontend/node_modules/vite/dist/node/chunks/node.js:24440:20)
[2m8:46:28 am[22m [31m[1m[vite][22m[39m [31mInternal server error: Transform failed with 1 error:

[31m[PARSE_ERROR] [0mExpected a semicolon or an implicit semicolon after a statement, but found none
    [38;5;246m╭[0m[38;5;246m─[0m[38;5;246m[[0m src/providers/query.provider.tsx:20:33 [38;5;246m][0m
    [38;5;246m│[0m
 [38;5;246m20 │[0m [38;5;249m [0m[38;5;249m [0m[38;5;249m [0m[38;5;249m [0m[38;5;249m [0m[38;5;249m [0m[38;5;249m [0m[38;5;249m [0m[38;5;249m [0m[38;5;249m [0m[38;5;249m [0m[38;5;249m [0m[38;5;249mr[0m[38;5;249me[0m[38;5;249mf[0m[38;5;249me[0m[38;5;249mt[0m[38;5;249mc[0m[38;5;249mh[0m[38;5;249mO[0m[38;5;249mn[0m[38;5;249mW[0m[38;5;249mi[0m[38;5;249mn[0m[38;5;249md[0m[38;5;249mo[0m[38;5;249mw[0m[38;5;249mF[0m[38;5;249mo[0m[38;5;249mc[0m[38;5;249mu[0m[38;5;249ms[0m[38;5;249m:[0m[38;5;249m [0m[38;5;249mf[0m[38;5;249ma[0m[38;5;249ml[0m[38;5;249ms[0m[38;5;249me[0m[38;5;249m,[0m
 [38;5;240m   │[0m                                 │ 
 [38;5;240m   │[0m                                 ╰─ 
 [38;5;240m   │[0m 
 [38;5;240m   │[0m [38;5;115mHelp[0m: Try inserting a semicolon here
[38;5;246m────╯[0m
[39m
  Plugin: [35mvite:oxc[39m
  File: [36mC:/Users/Asus/OneDrive/Desktop/Haett/frontend/src/providers/query.provider.tsx[39m
      at transformWithOxc (file:///C:/Users/Asus/OneDrive/Desktop/Haett/frontend/node_modules/vite/dist/node/chunks/node.js:3344:19)
      at TransformPluginContext.transform (file:///C:/Users/Asus/OneDrive/Desktop/Haett/frontend/node_modules/vite/dist/node/chunks/node.js:3415:26)
      at EnvironmentPluginContainer.transform (file:///C:/Users/Asus/OneDrive/Desktop/Haett/frontend/node_modules/vite/dist/node/chunks/node.js:30387:51)
      at async loadAndTransform (file:///C:/Users/Asus/OneDrive/Desktop/Haett/frontend/node_modules/vite/dist/node/chunks/node.js:24646:26)
      at async viteTransformMiddleware (file:///C:/Users/Asus/OneDrive/Desktop/Haett/frontend/node_modules/vite/dist/node/chunks/node.js:24440:20)
[2m8:46:28 am[22m [31m[1m[vite][22m[39m [31mInternal server error: Transform failed with 1 error:

[31m[PARSE_ERROR] [0mExpected a semicolon or an implicit semicolon after a statement, but found none
    [38;5;246m╭[0m[38;5;246m─[0m[38;5;246m[[0m src/providers/query.provider.tsx:20:33 [38;5;246m][0m
    [38;5;246m│[0m
 [38;5;246m20 │[0m [38;5;249m [0m[38;5;249m [0m[38;5;249m [0m[38;5;249m [0m[38;5;249m [0m[38;5;249m [0m[38;5;249m [0m[38;5;249m [0m[38;5;249m [0m[38;5;249m [0m[38;5;249m [0m[38;5;249m [0m[38;5;249mr[0m[38;5;249me[0m[38;5;249mf[0m[38;5;249me[0m[38;5;249mt[0m[38;5;249mc[0m[38;5;249mh[0m[38;5;249mO[0m[38;5;249mn[0m[38;5;249mW[0m[38;5;249mi[0m[38;5;249mn[0m[38;5;249md[0m[38;5;249mo[0m[38;5;249mw[0m[38;5;249mF[0m[38;5;249mo[0m[38;5;249mc[0m[38;5;249mu[0m[38;5;249ms[0m[38;5;249m:[0m[38;5;249m [0m[38;5;249mf[0m[38;5;249ma[0m[38;5;249ml[0m[38;5;249ms[0m[38;5;249me[0m[38;5;249m,[0m
 [38;5;240m   │[0m                                 │ 
 [38;5;240m   │[0m                                 ╰─ 
 [38;5;240m   │[0m 
 [38;5;240m   │[0m [38;5;115mHelp[0m: Try inserting a semicolon here
[38;5;246m────╯[0m
[39m
  Plugin: [35mvite:oxc[39m
  File: [36mC:/Users/Asus/OneDrive/Desktop/Haett/frontend/src/providers/query.provider.tsx[39m
      at transformWithOxc (file:///C:/Users/Asus/OneDrive/Desktop/Haett/frontend/node_modules/vite/dist/node/chunks/node.js:3344:19)
      at TransformPluginContext.transform (file:///C:/Users/Asus/OneDrive/Desktop/Haett/frontend/node_modules/vite/dist/node/chunks/node.js:3415:26)
      at EnvironmentPluginContainer.transform (file:///C:/Users/Asus/OneDrive/Desktop/Haett/frontend/node_modules/vite/dist/node/chunks/node.js:30387:51)
      at async loadAndTransform (file:///C:/Users/Asus/OneDrive/Desktop/Haett/frontend/node_modules/vite/dist/node/chunks/node.js:24646:26)
      at async viteTransformMiddleware (file:///C:/Users/Asus/OneDrive/Desktop/Haett/frontend/node_modules/vite/dist/node/chunks/node.js:24440:20)
[2m8:46:29 am[22m [31m[1m[vite][22m[39m [31mInternal server error: Transform failed with 1 error:

[31m[PARSE_ERROR] [0mExpected a semicolon or an implicit semicolon after a statement, but found none
    [38;5;246m╭[0m[38;5;246m─[0m[38;5;246m[[0m src/providers/query.provider.tsx:20:33 [38;5;246m][0m
    [38;5;246m│[0m
 [38;5;246m20 │[0m [38;5;249m [0m[38;5;249m [0m[38;5;249m [0m[38;5;249m [0m[38;5;249m [0m[38;5;249m [0m[38;5;249m [0m[38;5;249m [0m[38;5;249m [0m[38;5;249m [0m[38;5;249m [0m[38;5;249m [0m[38;5;249mr[0m[38;5;249me[0m[38;5;249mf[0m[38;5;249me[0m[38;5;249mt[0m[38;5;249mc[0m[38;5;249mh[0m[38;5;249mO[0m[38;5;249mn[0m[38;5;249mW[0m[38;5;249mi[0m[38;5;249mn[0m[38;5;249md[0m[38;5;249mo[0m[38;5;249mw[0m[38;5;249mF[0m[38;5;249mo[0m[38;5;249mc[0m[38;5;249mu[0m[38;5;249ms[0m[38;5;249m:[0m[38;5;249m [0m[38;5;249mf[0m[38;5;249ma[0m[38;5;249ml[0m[38;5;249ms[0m[38;5;249me[0m[38;5;249m,[0m
 [38;5;240m   │[0m                                 │ 
 [38;5;240m   │[0m                                 ╰─ 
 [38;5;240m   │[0m 
 [38;5;240m   │[0m [38;5;115mHelp[0m: Try inserting a semicolon here
[38;5;246m────╯[0m
[39m
  Plugin: [35mvite:oxc[39m
  File: [36mC:/Users/Asus/OneDrive/Desktop/Haett/frontend/src/providers/query.provider.tsx[39m
      at transformWithOxc (file:///C:/Users/Asus/OneDrive/Desktop/Haett/frontend/node_modules/vite/dist/node/chunks/node.js:3344:19)
      at TransformPluginContext.transform (file:///C:/Users/Asus/OneDrive/Desktop/Haett/frontend/node_modules/vite/dist/node/chunks/node.js:3415:26)
      at EnvironmentPluginContainer.transform (file:///C:/Users/Asus/OneDrive/Desktop/Haett/frontend/node_modules/vite/dist/node/chunks/node.js:30387:51)
      at async loadAndTransform (file:///C:/Users/Asus/OneDrive/Desktop/Haett/frontend/node_modules/vite/dist/node/chunks/node.js:24646:26)
      at async viteTransformMiddleware (file:///C:/Users/Asus/OneDrive/Desktop/Haett/frontend/node_modules/vite/dist/node/chunks/node.js:24440:20)
[2m8:46:29 am[22m [31m[1m[vite][22m[39m [31mInternal server error: Transform failed with 1 error:

[31m[PARSE_ERROR] [0mExpected a semicolon or an implicit semicolon after a statement, but found none
    [38;5;246m╭[0m[38;5;246m─[0m[38;5;246m[[0m src/providers/query.provider.tsx:20:33 [38;5;246m][0m
    [38;5;246m│[0m
 [38;5;246m20 │[0m [38;5;249m [0m[38;5;249m [0m[38;5;249m [0m[38;5;249m [0m[38;5;249m [0m[38;5;249m [0m[38;5;249m [0m[38;5;249m [0m[38;5;249m [0m[38;5;249m [0m[38;5;249m [0m[38;5;249m [0m[38;5;249mr[0m[38;5;249me[0m[38;5;249mf[0m[38;5;249me[0m[38;5;249mt[0m[38;5;249mc[0m[38;5;249mh[0m[38;5;249mO[0m[38;5;249mn[0m[38;5;249mW[0m[38;5;249mi[0m[38;5;249mn[0m[38;5;249md[0m[38;5;249mo[0m[38;5;249mw[0m[38;5;249mF[0m[38;5;249mo[0m[38;5;249mc[0m[38;5;249mu[0m[38;5;249ms[0m[38;5;249m:[0m[38;5;249m [0m[38;5;249mf[0m[38;5;249ma[0m[38;5;249ml[0m[38;5;249ms[0m[38;5;249me[0m[38;5;249m,[0m
 [38;5;240m   │[0m                                 │ 
 [38;5;240m   │[0m                                 ╰─ 
 [38;5;240m   │[0m 
 [38;5;240m   │[0m [38;5;115mHelp[0m: Try inserting a semicolon here
[38;5;246m────╯[0m
[39m
  Plugin: [35mvite:oxc[39m
  File: [36mC:/Users/Asus/OneDrive/Desktop/Haett/frontend/src/providers/query.provider.tsx[39m
      at transformWithOxc (file:///C:/Users/Asus/OneDrive/Desktop/Haett/frontend/node_modules/vite/dist/node/chunks/node.js:3344:19)
      at TransformPluginContext.transform (file:///C:/Users/Asus/OneDrive/Desktop/Haett/frontend/node_modules/vite/dist/node/chunks/node.js:3415:26)
      at EnvironmentPluginContainer.transform (file:///C:/Users/Asus/OneDrive/Desktop/Haett/frontend/node_modules/vite/dist/node/chunks/node.js:30387:51)
      at async loadAndTransform (file:///C:/Users/Asus/OneDrive/Desktop/Haett/frontend/node_modules/vite/dist/node/chunks/node.js:24646:26)
      at async viteTransformMiddleware (file:///C:/Users/Asus/OneDrive/Desktop/Haett/frontend/node_modules/vite/dist/node/chunks/node.js:24440:20)
[2m8:46:29 am[22m [31m[1m[vite][22m[39m [31mInternal server error: Transform failed with 1 error:

[31m[PARSE_ERROR] [0mExpected a semicolon or an implicit semicolon after a statement, but found none
    [38;5;246m╭[0m[38;5;246m─[0m[38;5;246m[[0m src/providers/query.provider.tsx:20:33 [38;5;246m][0m
    [38;5;246m│[0m
 [38;5;246m20 │[0m [38;5;249m [0m[38;5;249m [0m[38;5;249m [0m[38;5;249m [0m[38;5;249m [0m[38;5;249m [0m[38;5;249m [0m[38;5;249m [0m[38;5;249m [0m[38;5;249m [0m[38;5;249m [0m[38;5;249m [0m[38;5;249mr[0m[38;5;249me[0m[38;5;249mf[0m[38;5;249me[0m[38;5;249mt[0m[38;5;249mc[0m[38;5;249mh[0m[38;5;249mO[0m[38;5;249mn[0m[38;5;249mW[0m[38;5;249mi[0m[38;5;249mn[0m[38;5;249md[0m[38;5;249mo[0m[38;5;249mw[0m[38;5;249mF[0m[38;5;249mo[0m[38;5;249mc[0m[38;5;249mu[0m[38;5;249ms[0m[38;5;249m:[0m[38;5;249m [0m[38;5;249mf[0m[38;5;249ma[0m[38;5;249ml[0m[38;5;249ms[0m[38;5;249me[0m[38;5;249m,[0m
 [38;5;240m   │[0m                                 │ 
 [38;5;240m   │[0m                                 ╰─ 
 [38;5;240m   │[0m 
 [38;5;240m   │[0m [38;5;115mHelp[0m: Try inserting a semicolon here
[38;5;246m────╯[0m
[39m
  Plugin: [35mvite:oxc[39m
  File: [36mC:/Users/Asus/OneDrive/Desktop/Haett/frontend/src/providers/query.provider.tsx[39m
      at transformWithOxc (file:///C:/Users/Asus/OneDrive/Desktop/Haett/frontend/node_modules/vite/dist/node/chunks/node.js:3344:19)
      at TransformPluginContext.transform (file:///C:/Users/Asus/OneDrive/Desktop/Haett/frontend/node_modules/vite/dist/node/chunks/node.js:3415:26)
      at EnvironmentPluginContainer.transform (file:///C:/Users/Asus/OneDrive/Desktop/Haett/frontend/node_modules/vite/dist/node/chunks/node.js:30387:51)
      at async loadAndTransform (file:///C:/Users/Asus/OneDrive/Desktop/Haett/frontend/node_modules/vite/dist/node/chunks/node.js:24646:26)
      at async viteTransformMiddleware (file:///C:/Users/Asus/OneDrive/Desktop/Haett/frontend/node_modules/vite/dist/node/chunks/node.js:24440:20)
[2m8:46:30 am[22m [31m[1m[vite][22m[39m [31mInternal server error: Transform failed with 1 error:

[31m[PARSE_ERROR] [0mExpected a semicolon or an implicit semicolon after a statement, but found none
    [38;5;246m╭[0m[38;5;246m─[0m[38;5;246m[[0m src/providers/query.provider.tsx:20:33 [38;5;246m][0m
    [38;5;246m│[0m
 [38;5;246m20 │[0m [38;5;249m [0m[38;5;249m [0m[38;5;249m [0m[38;5;249m [0m[38;5;249m [0m[38;5;249m [0m[38;5;249m [0m[38;5;249m [0m[38;5;249m [0m[38;5;249m [0m[38;5;249m [0m[38;5;249m [0m[38;5;249mr[0m[38;5;249me[0m[38;5;249mf[0m[38;5;249me[0m[38;5;249mt[0m[38;5;249mc[0m[38;5;249mh[0m[38;5;249mO[0m[38;5;249mn[0m[38;5;249mW[0m[38;5;249mi[0m[38;5;249mn[0m[38;5;249md[0m[38;5;249mo[0m[38;5;249mw[0m[38;5;249mF[0m[38;5;249mo[0m[38;5;249mc[0m[38;5;249mu[0m[38;5;249ms[0m[38;5;249m:[0m[38;5;249m [0m[38;5;249mf[0m[38;5;249ma[0m[38;5;249ml[0m[38;5;249ms[0m[38;5;249me[0m[38;5;249m,[0m
 [38;5;240m   │[0m                                 │ 
 [38;5;240m   │[0m                                 ╰─ 
 [38;5;240m   │[0m 
 [38;5;240m   │[0m [38;5;115mHelp[0m: Try inserting a semicolon here
[38;5;246m────╯[0m
[39m
  Plugin: [35mvite:oxc[39m
  File: [36mC:/Users/Asus/OneDrive/Desktop/Haett/frontend/src/providers/query.provider.tsx[39m
      at transformWithOxc (file:///C:/Users/Asus/OneDrive/Desktop/Haett/frontend/node_modules/vite/dist/node/chunks/node.js:3344:19)
      at TransformPluginContext.transform (file:///C:/Users/Asus/OneDrive/Desktop/Haett/frontend/node_modules/vite/dist/node/chunks/node.js:3415:26)
      at EnvironmentPluginContainer.transform (file:///C:/Users/Asus/OneDrive/Desktop/Haett/frontend/node_modules/vite/dist/node/chunks/node.js:30387:51)
      at async loadAndTransform (file:///C:/Users/Asus/OneDrive/Desktop/Haett/frontend/node_modules/vite/dist/node/chunks/node.js:24646:26)
      at async viteTransformMiddleware (file:///C:/Users/Asus/OneDrive/Desktop/Haett/frontend/node_modules/vite/dist/node/chunks/node.js:24440:20)
[2m8:46:30 am[22m [31m[1m[vite][22m[39m [31mInternal server error: Transform failed with 1 error:

[31m[PARSE_ERROR] [0mExpected a semicolon or an implicit semicolon after a statement, but found none
    [38;5;246m╭[0m[38;5;246m─[0m[38;5;246m[[0m src/providers/query.provider.tsx:20:33 [38;5;246m][0m
    [38;5;246m│[0m
 [38;5;246m20 │[0m [38;5;249m [0m[38;5;249m [0m[38;5;249m [0m[38;5;249m [0m[38;5;249m [0m[38;5;249m [0m[38;5;249m [0m[38;5;249m [0m[38;5;249m [0m[38;5;249m [0m[38;5;249m [0m[38;5;249m [0m[38;5;249mr[0m[38;5;249me[0m[38;5;249mf[0m[38;5;249me[0m[38;5;249mt[0m[38;5;249mc[0m[38;5;249mh[0m[38;5;249mO[0m[38;5;249mn[0m[38;5;249mW[0m[38;5;249mi[0m[38;5;249mn[0m[38;5;249md[0m[38;5;249mo[0m[38;5;249mw[0m[38;5;249mF[0m[38;5;249mo[0m[38;5;249mc[0m[38;5;249mu[0m[38;5;249ms[0m[38;5;249m:[0m[38;5;249m [0m[38;5;249mf[0m[38;5;249ma[0m[38;5;249ml[0m[38;5;249ms[0m[38;5;249me[0m[38;5;249m,[0m
 [38;5;240m   │[0m                                 │ 
 [38;5;240m   │[0m                                 ╰─ 
 [38;5;240m   │[0m 
 [38;5;240m   │[0m [38;5;115mHelp[0m: Try inserting a semicolon here
[38;5;246m────╯[0m
[39m
  Plugin: [35mvite:oxc[39m
  File: [36mC:/Users/Asus/OneDrive/Desktop/Haett/frontend/src/providers/query.provider.tsx[39m
      at transformWithOxc (file:///C:/Users/Asus/OneDrive/Desktop/Haett/frontend/node_modules/vite/dist/node/chunks/node.js:3344:19)
      at TransformPluginContext.transform (file:///C:/Users/Asus/OneDrive/Desktop/Haett/frontend/node_modules/vite/dist/node/chunks/node.js:3415:26)
      at EnvironmentPluginContainer.transform (file:///C:/Users/Asus/OneDrive/Desktop/Haett/frontend/node_modules/vite/dist/node/chunks/node.js:30387:51)
      at async loadAndTransform (file:///C:/Users/Asus/OneDrive/Desktop/Haett/frontend/node_modules/vite/dist/node/chunks/node.js:24646:26)
      at async viteTransformMiddleware (file:///C:/Users/Asus/OneDrive/Desktop/Haett/frontend/node_modules/vite/dist/node/chunks/node.js:24440:20)
[2m8:46:31 am[22m [31m[1m[vite][22m[39m [31mInternal server error: Transform failed with 1 error:

[31m[PARSE_ERROR] [0mExpected a semicolon or an implicit semicolon after a statement, but found none
    [38;5;246m╭[0m[38;5;246m─[0m[38;5;246m[[0m src/providers/query.provider.tsx:20:33 [38;5;246m][0m
    [38;5;246m│[0m
 [38;5;246m20 │[0m [38;5;249m [0m[38;5;249m [0m[38;5;249m [0m[38;5;249m [0m[38;5;249m [0m[38;5;249m [0m[38;5;249m [0m[38;5;249m [0m[38;5;249m [0m[38;5;249m [0m[38;5;249m [0m[38;5;249m [0m[38;5;249mr[0m[38;5;249me[0m[38;5;249mf[0m[38;5;249me[0m[38;5;249mt[0m[38;5;249mc[0m[38;5;249mh[0m[38;5;249mO[0m[38;5;249mn[0m[38;5;249mW[0m[38;5;249mi[0m[38;5;249mn[0m[38;5;249md[0m[38;5;249mo[0m[38;5;249mw[0m[38;5;249mF[0m[38;5;249mo[0m[38;5;249mc[0m[38;5;249mu[0m[38;5;249ms[0m[38;5;249m:[0m[38;5;249m [0m[38;5;249mf[0m[38;5;249ma[0m[38;5;249ml[0m[38;5;249ms[0m[38;5;249me[0m[38;5;249m,[0m
 [38;5;240m   │[0m                                 │ 
 [38;5;240m   │[0m                                 ╰─ 
 [38;5;240m   │[0m 
 [38;5;240m   │[0m [38;5;115mHelp[0m: Try inserting a semicolon here
[38;5;246m────╯[0m
[39m
  Plugin: [35mvite:oxc[39m
  File: [36mC:/Users/Asus/OneDrive/Desktop/Haett/frontend/src/providers/query.provider.tsx[39m
      at transformWithOxc (file:///C:/Users/Asus/OneDrive/Desktop/Haett/frontend/node_modules/vite/dist/node/chunks/node.js:3344:19)
      at TransformPluginContext.transform (file:///C:/Users/Asus/OneDrive/Desktop/Haett/frontend/node_modules/vite/dist/node/chunks/node.js:3415:26)
      at EnvironmentPluginContainer.transform (file:///C:/Users/Asus/OneDrive/Desktop/Haett/frontend/node_modules/vite/dist/node/chunks/node.js:30387:51)
      at async loadAndTransform (file:///C:/Users/Asus/OneDrive/Desktop/Haett/frontend/node_modules/vite/dist/node/chunks/node.js:24646:26)
      at async viteTransformMiddleware (file:///C:/Users/Asus/OneDrive/Desktop/Haett/frontend/node_modules/vite/dist/node/chunks/node.js:24440:20)
[2m8:46:31 am[22m [31m[1m[vite][22m[39m [31mInternal server error: Transform failed with 1 error:

[31m[PARSE_ERROR] [0mExpected a semicolon or an implicit semicolon after a statement, but found none
    [38;5;246m╭[0m[38;5;246m─[0m[38;5;246m[[0m src/providers/query.provider.tsx:20:33 [38;5;246m][0m
    [38;5;246m│[0m
 [38;5;246m20 │[0m [38;5;249m [0m[38;5;249m [0m[38;5;249m [0m[38;5;249m [0m[38;5;249m [0m[38;5;249m [0m[38;5;249m [0m[38;5;249m [0m[38;5;249m [0m[38;5;249m [0m[38;5;249m [0m[38;5;249m [0m[38;5;249mr[0m[38;5;249me[0m[38;5;249mf[0m[38;5;249me[0m[38;5;249mt[0m[38;5;249mc[0m[38;5;249mh[0m[38;5;249mO[0m[38;5;249mn[0m[38;5;249mW[0m[38;5;249mi[0m[38;5;249mn[0m[38;5;249md[0m[38;5;249mo[0m[38;5;249mw[0m[38;5;249mF[0m[38;5;249mo[0m[38;5;249mc[0m[38;5;249mu[0m[38;5;249ms[0m[38;5;249m:[0m[38;5;249m [0m[38;5;249mf[0m[38;5;249ma[0m[38;5;249ml[0m[38;5;249ms[0m[38;5;249me[0m[38;5;249m,[0m
 [38;5;240m   │[0m                                 │ 
 [38;5;240m   │[0m                                 ╰─ 
 [38;5;240m   │[0m 
 [38;5;240m   │[0m [38;5;115mHelp[0m: Try inserting a semicolon here
[38;5;246m────╯[0m
[39m
  Plugin: [35mvite:oxc[39m
  File: [36mC:/Users/Asus/OneDrive/Desktop/Haett/frontend/src/providers/query.provider.tsx[39m
      at transformWithOxc (file:///C:/Users/Asus/OneDrive/Desktop/Haett/frontend/node_modules/vite/dist/node/chunks/node.js:3344:19)
      at TransformPluginContext.transform (file:///C:/Users/Asus/OneDrive/Desktop/Haett/frontend/node_modules/vite/dist/node/chunks/node.js:3415:26)
      at EnvironmentPluginContainer.transform (file:///C:/Users/Asus/OneDrive/Desktop/Haett/frontend/node_modules/vite/dist/node/chunks/node.js:30387:51)
      at async loadAndTransform (file:///C:/Users/Asus/OneDrive/Desktop/Haett/frontend/node_modules/vite/dist/node/chunks/node.js:24646:26)
      at async viteTransformMiddleware (file:///C:/Users/Asus/OneDrive/Desktop/Haett/frontend/node_modules/vite/dist/node/chunks/node.js:24440:20)
[2m8:46:31 am[22m [31m[1m[vite][22m[39m [31mInternal server error: Transform failed with 1 error:

[31m[PARSE_ERROR] [0mExpected a semicolon or an implicit semicolon after a statement, but found none
    [38;5;246m╭[0m[38;5;246m─[0m[38;5;246m[[0m src/providers/query.provider.tsx:20:33 [38;5;246m][0m
    [38;5;246m│[0m
 [38;5;246m20 │[0m [38;5;249m [0m[38;5;249m [0m[38;5;249m [0m[38;5;249m [0m[38;5;249m [0m[38;5;249m [0m[38;5;249m [0m[38;5;249m [0m[38;5;249m [0m[38;5;249m [0m[38;5;249m [0m[38;5;249m [0m[38;5;249mr[0m[38;5;249me[0m[38;5;249mf[0m[38;5;249me[0m[38;5;249mt[0m[38;5;249mc[0m[38;5;249mh[0m[38;5;249mO[0m[38;5;249mn[0m[38;5;249mW[0m[38;5;249mi[0m[38;5;249mn[0m[38;5;249md[0m[38;5;249mo[0m[38;5;249mw[0m[38;5;249mF[0m[38;5;249mo[0m[38;5;249mc[0m[38;5;249mu[0m[38;5;249ms[0m[38;5;249m:[0m[38;5;249m [0m[38;5;249mf[0m[38;5;249ma[0m[38;5;249ml[0m[38;5;249ms[0m[38;5;249me[0m[38;5;249m,[0m
 [38;5;240m   │[0m                                 │ 
 [38;5;240m   │[0m                                 ╰─ 
 [38;5;240m   │[0m 
 [38;5;240m   │[0m [38;5;115mHelp[0m: Try inserting a semicolon here
[38;5;246m────╯[0m
[39m
  Plugin: [35mvite:oxc[39m
  File: [36mC:/Users/Asus/OneDrive/Desktop/Haett/frontend/src/providers/query.provider.tsx[39m
      at transformWithOxc (file:///C:/Users/Asus/OneDrive/Desktop/Haett/frontend/node_modules/vite/dist/node/chunks/node.js:3344:19)
      at TransformPluginContext.transform (file:///C:/Users/Asus/OneDrive/Desktop/Haett/frontend/node_modules/vite/dist/node/chunks/node.js:3415:26)
      at EnvironmentPluginContainer.transform (file:///C:/Users/Asus/OneDrive/Desktop/Haett/frontend/node_modules/vite/dist/node/chunks/node.js:30387:51)
      at async loadAndTransform (file:///C:/Users/Asus/OneDrive/Desktop/Haett/frontend/node_modules/vite/dist/node/chunks/node.js:24646:26)
      at async viteTransformMiddleware (file:///C:/Users/Asus/OneDrive/Desktop/Haett/frontend/node_modules/vite/dist/node/chunks/node.js:24440:20)
